<html>
<body>
<pre>
<h1>µVision Build Log</h1>
<h2>Tool Versions:</h2>
IDE-Version: ¦ÌVision V5.15
Copyright (C) 2015 ARM Ltd and ARM Germany GmbH. All rights reserved.
License Information: Twinkling Twinkling, Twinkling, LIC=KIVNB-2LR4D-E00N4-FZMYG-MQ360-B00N4
 
Tool Versions:
Toolchain:       MDK-ARM Professional  Version: 5.15.0
Toolchain Path:  D:\Keil_v5\ARM\ARMCC\Bin
C Compiler:      Armcc.exe V5.05 update 2 (build 169)
Assembler:       Armasm.exe V5.05 update 2 (build 169)
Linker/Locator:  ArmLink.exe V5.05 update 2 (build 169)
Library Manager: ArmAr.exe V5.05 update 2 (build 169)
Hex Converter:   FromElf.exe V5.05 update 2 (build 169)
CPU DLL:         SARMCM3.DLL V5.15.0
Dialog DLL:      DARMP1.DLL V1.25.0.0
Target DLL:      UL2CM3.DLL V1.155.8.0
Dialog DLL:      TARMP1.DLL V1.24.0.0
 
<h2>Project:</h2>
D:\D_STORE\coding\TwkOS_beta0.2\GPIO_BEEP.uvproj
Project File Date:  06/01/2022

<h2>Output:</h2>
*** Using Compiler 'V5.05 update 2 (build 169)', folder: 'D:\Keil_v5\ARM\ARMCC\Bin'
Rebuild target 'ReleasInFlash'
compiling core_cm3.c...
compiling system_LPC17xx.c...
assembling startup_LPC17xx.s...
compiling app.c...
compiling cpu.c...
assembling cpu.s...
compiling TwkOS.c...
compiling TwkOSutil.c...
compiling FPFTCBlistArb.c...
compiling RRTCBarb.c...
compiling TcbList.c...
compiling cpuImp.c...
compiling TwkIO.c...
compiling TwkLib.c...
compiling TwkLPC1768.c...
compiling TwkSqQueue.c...
linking...
Program Size: Code=2456 RO-data=236 RW-data=292 ZI-data=3828  
FromELF: creating hex file...
".\Out\ReleaseInFlash\GPIO_BEEP.axf" - 0 Error(s), 0 Warning(s).
</pre>
</body>
</html>
