<html>
<body>
<pre>
<h1>µVision Build Log</h1>
<h2>Project:</h2>
E:\Baidu\Projects\EasyARM1768\GPIO\GPIO_Beep\GPIO_BEEP.uvproj
Project File Date:  01/20/2014

<h2>Output:</h2>
compiling main.c...
USER_CODE\main.c - 0 Error(s), 0 Warning(s).
Build target 'DebugInRAM'
compiling core_cm3.c...
compiling system_LPC17xx.c...
assembling startup_LPC17xx.s...
linking...
Program Size: Code=1024 RO-data=284 RW-data=4 ZI-data=612  
".\Out\DebugInRAM\GPIO_BEEP.axf" - 0 Error(s), 0 Warning(s).
